Transformation du programme :

Affichage du programme :
var a , b ;
const c = 4 ;
const d = 6 ;
var e ;
a := 25 ;
lire b ;
ecrire a * b ;
e := b + d ;
ecrire e ;

