Analyse statique du programme :
>>>> err : a declaration manquante


