Analyse statique du programme :
b n'est pas utilise
b n'est pas affecte


