Analyse statique du programme :

>>>> err : b initialisation manquante


