Analyse statique du programme :


Entrez une valeur pour : b
Vous avez entr√© : 7
ecriture : 13
ecriture : 7
ecriture : 28.7143
Transformation du programme :

Affichage du programme :
var a , b , c ;
const n = 2 ;
var d ;
const n2 = 3 ;
lire b ;
d := 1 ;
a := 6 + b ;
c := a - 2 / b - 1 ;
d := 0 ;
c := c + a ;
ecrire a ;
ecrire b ;
ecrire c + 4 ;

