>>>> RECUP_ERROR <<<<
char non autorise : 194
char non autorise : 181
char non autorise : 194
char non autorise : 181
>>>> RECUP_ERROR <<<<
>>>> RECUP_ERROR <<<<
>>>> RECUP_ERROR <<<<
char non autorise : 194
char non autorise : 163
char non autorise : 194
char non autorise : 163
