Analyse statique du programme :
b n'est pas utilise


