Analyse statique du programme :
>>>> err : a deja declare


