Entrez une valeur pour : b
Vous avez entrÃ© : 7
ecriture : 175
ecriture : 13
