>>>> RECUP_ERROR <<<<
>>>> RECUP_ERROR <<<<
>>>> RECUP_ERROR <<<<
